Archive member included because of file (symbol)

c:/winavr-20100110/bin/../lib/gcc/avr/4.3.3/avr6\libgcc.a(_exit.o)
                              c:/winavr-20100110/bin/../lib/gcc/avr/4.3.3/../../../../avr/lib/avr6/crtm2560.o (exit)
c:/winavr-20100110/bin/../lib/gcc/avr/4.3.3/avr6\libgcc.a(_clear_bss.o)
                              ./FreeRTOS/Source/portable/MemMang/heap_1.o (__do_clear_bss)
c:/winavr-20100110/bin/../lib/gcc/avr/4.3.3/../../../../avr/lib/avr6\libc.a(memcpy.o)
                              ./FreeRTOS/Source/queue.o (memcpy)

Discarded input sections

 .data          0x00000000        0x0 c:/winavr-20100110/bin/../lib/gcc/avr/4.3.3/../../../../avr/lib/avr6/crtm2560.o
 .bss           0x00000000        0x0 c:/winavr-20100110/bin/../lib/gcc/avr/4.3.3/../../../../avr/lib/avr6/crtm2560.o
 .text          0x00000000        0x0 ./ParTest/ParTest.o
 .data          0x00000000        0x0 ./ParTest/ParTest.o
 .bss           0x00000000        0x0 ./ParTest/ParTest.o
 .text.vParTestSetLED
                0x00000000        0x0 ./ParTest/ParTest.o
 .text          0x00000000        0x0 ./FreeRTOS/Source/portable/WinAVR/ATmega2560/port.o
 .data          0x00000000        0x0 ./FreeRTOS/Source/portable/WinAVR/ATmega2560/port.o
 .bss           0x00000000        0x0 ./FreeRTOS/Source/portable/WinAVR/ATmega2560/port.o
 .text.vPortEndScheduler
                0x00000000        0x0 ./FreeRTOS/Source/portable/WinAVR/ATmega2560/port.o
 .text          0x00000000        0x0 ./FreeRTOS/Source/portable/MemMang/heap_1.o
 .data          0x00000000        0x0 ./FreeRTOS/Source/portable/MemMang/heap_1.o
 .bss           0x00000000        0x0 ./FreeRTOS/Source/portable/MemMang/heap_1.o
 .text.vPortInitialiseBlocks
                0x00000000        0x0 ./FreeRTOS/Source/portable/MemMang/heap_1.o
 .text.xPortGetFreeHeapSize
                0x00000000        0x0 ./FreeRTOS/Source/portable/MemMang/heap_1.o
 .text          0x00000000        0x0 ./FreeRTOS/Source/list.o
 .data          0x00000000        0x0 ./FreeRTOS/Source/list.o
 .bss           0x00000000        0x0 ./FreeRTOS/Source/list.o
 .text          0x00000000        0x0 ./FreeRTOS/Source/queue.o
 .data          0x00000000        0x0 ./FreeRTOS/Source/queue.o
 .bss           0x00000000        0x0 ./FreeRTOS/Source/queue.o
 .text.uxQueueMessagesWaiting
                0x00000000        0x0 ./FreeRTOS/Source/queue.o
 .text.uxQueueSpacesAvailable
                0x00000000        0x0 ./FreeRTOS/Source/queue.o
 .text.uxQueueMessagesWaitingFromISR
                0x00000000        0x0 ./FreeRTOS/Source/queue.o
 .text.xQueueIsQueueEmptyFromISR
                0x00000000        0x0 ./FreeRTOS/Source/queue.o
 .text.xQueueIsQueueFullFromISR
                0x00000000        0x0 ./FreeRTOS/Source/queue.o
 .text.prvCopyDataToQueue
                0x00000000        0x0 ./FreeRTOS/Source/queue.o
 .text.prvCopyDataFromQueue
                0x00000000        0x0 ./FreeRTOS/Source/queue.o
 .text.xQueuePeekFromISR
                0x00000000        0x0 ./FreeRTOS/Source/queue.o
 .text.xQueueCRReceiveFromISR
                0x00000000        0x0 ./FreeRTOS/Source/queue.o
 .text.xQueueCRSendFromISR
                0x00000000        0x0 ./FreeRTOS/Source/queue.o
 .text.xQueueCRReceive
                0x00000000        0x0 ./FreeRTOS/Source/queue.o
 .text.xQueueCRSend
                0x00000000        0x0 ./FreeRTOS/Source/queue.o
 .text.vQueueDelete
                0x00000000        0x0 ./FreeRTOS/Source/queue.o
 .text.xQueueReceiveFromISR
                0x00000000        0x0 ./FreeRTOS/Source/queue.o
 .text.xQueueGiveFromISR
                0x00000000        0x0 ./FreeRTOS/Source/queue.o
 .text.xQueueGenericSendFromISR
                0x00000000        0x0 ./FreeRTOS/Source/queue.o
 .text.prvUnlockQueue
                0x00000000        0x0 ./FreeRTOS/Source/queue.o
 .text.xQueueGenericReceive
                0x00000000        0x0 ./FreeRTOS/Source/queue.o
 .text.xQueueGenericSend
                0x00000000        0x0 ./FreeRTOS/Source/queue.o
 .text.xQueueGenericReset
                0x00000000        0x0 ./FreeRTOS/Source/queue.o
 .text.xQueueGenericCreate
                0x00000000        0x0 ./FreeRTOS/Source/queue.o
 .text          0x00000000        0x0 ./FreeRTOS/Source/tasks.o
 .bss           0x00000000        0x0 ./FreeRTOS/Source/tasks.o
 .text.xTaskGetTickCount
                0x00000000        0x0 ./FreeRTOS/Source/tasks.o
 .text.xTaskGetTickCountFromISR
                0x00000000        0x0 ./FreeRTOS/Source/tasks.o
 .text.uxTaskGetNumberOfTasks
                0x00000000        0x0 ./FreeRTOS/Source/tasks.o
 .text.pcTaskGetName
                0x00000000        0x0 ./FreeRTOS/Source/tasks.o
 .text.vTaskSetTimeOutState
                0x00000000        0x0 ./FreeRTOS/Source/tasks.o
 .text.xTaskCheckForTimeOut
                0x00000000        0x0 ./FreeRTOS/Source/tasks.o
 .text.vTaskMissedYield
                0x00000000        0x0 ./FreeRTOS/Source/tasks.o
 .text.uxTaskResetEventItemValue
                0x00000000        0x0 ./FreeRTOS/Source/tasks.o
 .text.xTaskNotifyStateClear
                0x00000000        0x0 ./FreeRTOS/Source/tasks.o
 .text.vTaskNotifyGiveFromISR
                0x00000000        0x0 ./FreeRTOS/Source/tasks.o
 .text.xTaskGenericNotifyFromISR
                0x00000000        0x0 ./FreeRTOS/Source/tasks.o
 .text.xTaskRemoveFromUnorderedEventList
                0x00000000        0x0 ./FreeRTOS/Source/tasks.o
 .text.xTaskRemoveFromEventList
                0x00000000        0x0 ./FreeRTOS/Source/tasks.o
 .text.xTaskGenericNotify
                0x00000000        0x0 ./FreeRTOS/Source/tasks.o
 .text.xTaskNotifyWait
                0x00000000        0x0 ./FreeRTOS/Source/tasks.o
 .text.ulTaskNotifyTake
                0x00000000        0x0 ./FreeRTOS/Source/tasks.o
 .text.vTaskPlaceOnUnorderedEventList
                0x00000000        0x0 ./FreeRTOS/Source/tasks.o
 .text.vTaskDelayUntil
                0x00000000        0x0 ./FreeRTOS/Source/tasks.o
 .text.vTaskPlaceOnEventList
                0x00000000        0x0 ./FreeRTOS/Source/tasks.o
 .text.vTaskEndScheduler
                0x00000000        0x0 ./FreeRTOS/Source/tasks.o
 .text.vTaskDelete
                0x00000000        0x0 ./FreeRTOS/Source/tasks.o
 .text          0x00000000        0x0 ./main.o
 .bss           0x00000000        0x0 ./main.o
 .text          0x00000000        0x0 c:/winavr-20100110/bin/../lib/gcc/avr/4.3.3/avr6\libgcc.a(_exit.o)
 .data          0x00000000        0x0 c:/winavr-20100110/bin/../lib/gcc/avr/4.3.3/avr6\libgcc.a(_exit.o)
 .bss           0x00000000        0x0 c:/winavr-20100110/bin/../lib/gcc/avr/4.3.3/avr6\libgcc.a(_exit.o)
 .text.libgcc   0x00000000        0x0 c:/winavr-20100110/bin/../lib/gcc/avr/4.3.3/avr6\libgcc.a(_exit.o)
 .text          0x00000000        0x0 c:/winavr-20100110/bin/../lib/gcc/avr/4.3.3/avr6\libgcc.a(_clear_bss.o)
 .data          0x00000000        0x0 c:/winavr-20100110/bin/../lib/gcc/avr/4.3.3/avr6\libgcc.a(_clear_bss.o)
 .bss           0x00000000        0x0 c:/winavr-20100110/bin/../lib/gcc/avr/4.3.3/avr6\libgcc.a(_clear_bss.o)
 .text.libgcc   0x00000000        0x0 c:/winavr-20100110/bin/../lib/gcc/avr/4.3.3/avr6\libgcc.a(_clear_bss.o)
 .text          0x00000000        0x0 c:/winavr-20100110/bin/../lib/gcc/avr/4.3.3/../../../../avr/lib/avr6\libc.a(memcpy.o)
 .data          0x00000000        0x0 c:/winavr-20100110/bin/../lib/gcc/avr/4.3.3/../../../../avr/lib/avr6\libc.a(memcpy.o)
 .bss           0x00000000        0x0 c:/winavr-20100110/bin/../lib/gcc/avr/4.3.3/../../../../avr/lib/avr6\libc.a(memcpy.o)
 .text.avr-libc
                0x00000000        0x0 c:/winavr-20100110/bin/../lib/gcc/avr/4.3.3/../../../../avr/lib/avr6\libc.a(memcpy.o)

Memory Configuration

Name             Origin             Length             Attributes
text             0x00000000         0x00100000         xr
data             0x00800200         0x0000fe00         rw !x
eeprom           0x00810000         0x00010000         rw !x
fuse             0x00820000         0x00000400         rw !x
lock             0x00830000         0x00000400         rw !x
signature        0x00840000         0x00000400         rw !x
*default*        0x00000000         0xffffffff

Linker script and memory map

Address of section .data set to 0x800200
LOAD c:/winavr-20100110/bin/../lib/gcc/avr/4.3.3/../../../../avr/lib/avr6/crtm2560.o
LOAD ./ParTest/ParTest.o
LOAD ./FreeRTOS/Source/portable/WinAVR/ATmega2560/port.o
LOAD ./FreeRTOS/Source/portable/MemMang/heap_1.o
LOAD ./FreeRTOS/Source/list.o
LOAD ./FreeRTOS/Source/queue.o
LOAD ./FreeRTOS/Source/tasks.o
LOAD ./main.o
LOAD c:/winavr-20100110/bin/../lib/gcc/avr/4.3.3/avr6\libgcc.a
LOAD c:/winavr-20100110/bin/../lib/gcc/avr/4.3.3/../../../../avr/lib/avr6\libm.a
LOAD c:/winavr-20100110/bin/../lib/gcc/avr/4.3.3/avr6\libgcc.a
LOAD c:/winavr-20100110/bin/../lib/gcc/avr/4.3.3/../../../../avr/lib/avr6\libc.a
LOAD c:/winavr-20100110/bin/../lib/gcc/avr/4.3.3/avr6\libgcc.a

.hash
 *(.hash)

.dynsym
 *(.dynsym)

.dynstr
 *(.dynstr)

.gnu.version
 *(.gnu.version)

.gnu.version_d
 *(.gnu.version_d)

.gnu.version_r
 *(.gnu.version_r)

.rel.init
 *(.rel.init)

.rela.init
 *(.rela.init)

.rel.text
 *(.rel.text)
 *(.rel.text.*)
 *(.rel.gnu.linkonce.t*)

.rela.text
 *(.rela.text)
 *(.rela.text.*)
 *(.rela.gnu.linkonce.t*)

.rel.fini
 *(.rel.fini)

.rela.fini
 *(.rela.fini)

.rel.rodata
 *(.rel.rodata)
 *(.rel.rodata.*)
 *(.rel.gnu.linkonce.r*)

.rela.rodata
 *(.rela.rodata)
 *(.rela.rodata.*)
 *(.rela.gnu.linkonce.r*)

.rel.data
 *(.rel.data)
 *(.rel.data.*)
 *(.rel.gnu.linkonce.d*)

.rela.data
 *(.rela.data)
 *(.rela.data.*)
 *(.rela.gnu.linkonce.d*)

.rel.ctors
 *(.rel.ctors)

.rela.ctors
 *(.rela.ctors)

.rel.dtors
 *(.rel.dtors)

.rela.dtors
 *(.rela.dtors)

.rel.got
 *(.rel.got)

.rela.got
 *(.rela.got)

.rel.bss
 *(.rel.bss)

.rela.bss
 *(.rela.bss)

.rel.plt
 *(.rel.plt)

.rela.plt
 *(.rela.plt)

.text           0x00000000      0xc02
 *(.vectors)
 .vectors       0x00000000       0xe4 c:/winavr-20100110/bin/../lib/gcc/avr/4.3.3/../../../../avr/lib/avr6/crtm2560.o
                0x00000000                __vectors
                0x00000000                __vector_default
 *(.vectors)
 *(.progmem.gcc*)
 *(.progmem*)
                0x000000e4                . = ALIGN (0x2)
                0x000000e4                __trampolines_start = .
 *(.trampolines)
 .trampolines   0x000000e4        0x0 linker stubs
 *(.trampolines*)
                0x000000e4                __trampolines_end = .
 *(.jumptables)
 *(.jumptables*)
 *(.lowtext)
 *(.lowtext*)
                0x000000e4                __ctors_start = .
 *(.ctors)
                0x000000e4                __ctors_end = .
                0x000000e4                __dtors_start = .
 *(.dtors)
                0x000000e4                __dtors_end = .
 SORT(*)(.ctors)
 SORT(*)(.dtors)
 *(.init0)
 .init0         0x000000e4        0x0 c:/winavr-20100110/bin/../lib/gcc/avr/4.3.3/../../../../avr/lib/avr6/crtm2560.o
                0x000000e4                __init
 *(.init0)
 *(.init1)
 *(.init1)
 *(.init2)
 .init2         0x000000e4       0x10 c:/winavr-20100110/bin/../lib/gcc/avr/4.3.3/../../../../avr/lib/avr6/crtm2560.o
 *(.init2)
 *(.init3)
 *(.init3)
 *(.init4)
 .init4         0x000000f4       0x1a c:/winavr-20100110/bin/../lib/gcc/avr/4.3.3/../../../../avr/lib/avr6/crtm2560.o
                0x000000f4                __do_copy_data
 .init4         0x0000010e       0x10 c:/winavr-20100110/bin/../lib/gcc/avr/4.3.3/avr6\libgcc.a(_clear_bss.o)
                0x0000010e                __do_clear_bss
 *(.init4)
 *(.init5)
 *(.init5)
 *(.init6)
 *(.init6)
 *(.init7)
 *(.init7)
 *(.init8)
 *(.init8)
 *(.init9)
 .init9         0x0000011e        0x4 c:/winavr-20100110/bin/../lib/gcc/avr/4.3.3/../../../../avr/lib/avr6/crtm2560.o
 *(.init9)
 *(.text)
 .text          0x00000122        0x2 c:/winavr-20100110/bin/../lib/gcc/avr/4.3.3/../../../../avr/lib/avr6/crtm2560.o
                0x00000122                __vector_38
                0x00000122                __vector_22
                0x00000122                __vector_28
                0x00000122                __vector_1
                0x00000122                __vector_32
                0x00000122                __vector_34
                0x00000122                __vector_24
                0x00000122                __vector_12
                0x00000122                __vector_55
                0x00000122                __vector_46
                0x00000122                __bad_interrupt
                0x00000122                __vector_6
                0x00000122                __vector_31
                0x00000122                __vector_35
                0x00000122                __vector_39
                0x00000122                __vector_3
                0x00000122                __vector_23
                0x00000122                __vector_30
                0x00000122                __vector_45
                0x00000122                __vector_25
                0x00000122                __vector_11
                0x00000122                __vector_54
                0x00000122                __vector_13
                0x00000122                __vector_19
                0x00000122                __vector_56
                0x00000122                __vector_7
                0x00000122                __vector_49
                0x00000122                __vector_41
                0x00000122                __vector_43
                0x00000122                __vector_27
                0x00000122                __vector_5
                0x00000122                __vector_33
                0x00000122                __vector_47
                0x00000122                __vector_52
                0x00000122                __vector_37
                0x00000122                __vector_4
                0x00000122                __vector_44
                0x00000122                __vector_51
                0x00000122                __vector_9
                0x00000122                __vector_2
                0x00000122                __vector_21
                0x00000122                __vector_15
                0x00000122                __vector_36
                0x00000122                __vector_29
                0x00000122                __vector_40
                0x00000122                __vector_8
                0x00000122                __vector_26
                0x00000122                __vector_48
                0x00000122                __vector_14
                0x00000122                __vector_53
                0x00000122                __vector_10
                0x00000122                __vector_50
                0x00000122                __vector_16
                0x00000122                __vector_18
                0x00000122                __vector_20
                0x00000122                __vector_42
                0x00000124                . = ALIGN (0x2)
 *(.text.*)
 .text.vParTestInitialise
                0x00000124       0x16 ./ParTest/ParTest.o
                0x00000124                vParTestInitialise
 .text.vParTestToggleLED
                0x0000013a       0x2c ./ParTest/ParTest.o
                0x0000013a                vParTestToggleLED
 .text.pxPortInitialiseStack
                0x00000166       0x96 ./FreeRTOS/Source/portable/WinAVR/ATmega2560/port.o
                0x00000166                pxPortInitialiseStack
 .text.xPortStartScheduler
                0x000001fc       0x80 ./FreeRTOS/Source/portable/WinAVR/ATmega2560/port.o
                0x000001fc                xPortStartScheduler
 .text.vPortYieldFromTick
                0x0000027c       0xc6 ./FreeRTOS/Source/portable/WinAVR/ATmega2560/port.o
                0x0000027c                vPortYieldFromTick
 .text.__vector_17
                0x00000342        0x4 ./FreeRTOS/Source/portable/WinAVR/ATmega2560/port.o
                0x00000342                __vector_17
 .text.vPortYield
                0x00000346       0xc0 ./FreeRTOS/Source/portable/WinAVR/ATmega2560/port.o
                0x00000346                vPortYield
 .text.vPortFree
                0x00000406        0x2 ./FreeRTOS/Source/portable/MemMang/heap_1.o
                0x00000406                vPortFree
 .text.pvPortMalloc
                0x00000408       0x60 ./FreeRTOS/Source/portable/MemMang/heap_1.o
                0x00000408                pvPortMalloc
 .text.vListInitialise
                0x00000468       0x20 ./FreeRTOS/Source/list.o
                0x00000468                vListInitialise
 .text.vListInitialiseItem
                0x00000488        0x8 ./FreeRTOS/Source/list.o
                0x00000488                vListInitialiseItem
 .text.vListInsertEnd
                0x00000490       0x3e ./FreeRTOS/Source/list.o
                0x00000490                vListInsertEnd
 .text.vListInsert
                0x000004ce       0x64 ./FreeRTOS/Source/list.o
                0x000004ce                vListInsert
 .text.uxListRemove
                0x00000532       0x54 ./FreeRTOS/Source/list.o
                0x00000532                uxListRemove
 .text.vTaskSuspendAll
                0x00000586        0xc ./FreeRTOS/Source/tasks.o
                0x00000586                vTaskSuspendAll
 .text.vTaskSwitchContext
                0x00000592       0x74 ./FreeRTOS/Source/tasks.o
                0x00000592                vTaskSwitchContext
 .text.xTaskIncrementTick
                0x00000606      0x18c ./FreeRTOS/Source/tasks.o
                0x00000606                xTaskIncrementTick
 .text.xTaskResumeAll
                0x00000792      0x108 ./FreeRTOS/Source/tasks.o
                0x00000792                xTaskResumeAll
 .text.prvAddCurrentTaskToDelayedList
                0x0000089a       0x82 ./FreeRTOS/Source/tasks.o
 .text.vTaskDelay
                0x0000091c       0x20 ./FreeRTOS/Source/tasks.o
                0x0000091c                vTaskDelay
 .text.prvIdleTask
                0x0000093c       0x6a ./FreeRTOS/Source/tasks.o
 .text.xTaskCreate
                0x000009a6      0x1d2 ./FreeRTOS/Source/tasks.o
                0x000009a6                xTaskCreate
 .text.vTaskStartScheduler
                0x00000b78       0x4c ./FreeRTOS/Source/tasks.o
                0x00000b78                vTaskStartScheduler
 .text.main     0x00000bc4       0x2e ./main.o
                0x00000bc4                main
 .text.vBlink   0x00000bf2        0xc ./main.o
                0x00000bfe                . = ALIGN (0x2)
 *(.fini9)
 .fini9         0x00000bfe        0x0 c:/winavr-20100110/bin/../lib/gcc/avr/4.3.3/avr6\libgcc.a(_exit.o)
                0x00000bfe                exit
                0x00000bfe                _exit
 *(.fini9)
 *(.fini8)
 *(.fini8)
 *(.fini7)
 *(.fini7)
 *(.fini6)
 *(.fini6)
 *(.fini5)
 *(.fini5)
 *(.fini4)
 *(.fini4)
 *(.fini3)
 *(.fini3)
 *(.fini2)
 *(.fini2)
 *(.fini1)
 *(.fini1)
 *(.fini0)
 .fini0         0x00000bfe        0x4 c:/winavr-20100110/bin/../lib/gcc/avr/4.3.3/avr6\libgcc.a(_exit.o)
 *(.fini0)
                0x00000c02                _etext = .

.data           0x00800200        0xc load address 0x00000c02
                0x00800200                PROVIDE (__data_start, .)
 *(.data)
 .data          0x00800200        0x5 ./FreeRTOS/Source/tasks.o
 .data          0x00800205        0x6 ./main.o
 *(.data*)
 .data.ucCurrentOutputValue
                0x0080020b        0x1 ./ParTest/ParTest.o
 *(.rodata)
 *(.rodata*)
 *(.gnu.linkonce.d*)
                0x0080020c                . = ALIGN (0x2)
                0x0080020c                _edata = .
                0x0080020c                PROVIDE (__data_end, .)

.bss            0x0080020c     0x1dad
                0x0080020c                PROVIDE (__bss_start, .)
 *(.bss)
 *(.bss*)
 .bss.xNextFreeByte
                0x0080020c        0x2 ./FreeRTOS/Source/portable/MemMang/heap_1.o
 .bss.pucAlignedHeap.1629
                0x0080020e        0x2 ./FreeRTOS/Source/portable/MemMang/heap_1.o
 .bss.ucHeap    0x00800210     0x1d4c ./FreeRTOS/Source/portable/MemMang/heap_1.o
 .bss.pxCurrentTCB
                0x00801f5c        0x2 ./FreeRTOS/Source/tasks.o
                0x00801f5c                pxCurrentTCB
 .bss.uxSchedulerSuspended
                0x00801f5e        0x1 ./FreeRTOS/Source/tasks.o
 .bss.uxTopReadyPriority
                0x00801f5f        0x1 ./FreeRTOS/Source/tasks.o
 .bss.xYieldPending
                0x00801f60        0x1 ./FreeRTOS/Source/tasks.o
 .bss.xTickCount
                0x00801f61        0x2 ./FreeRTOS/Source/tasks.o
 .bss.xNextTaskUnblockTime
                0x00801f63        0x2 ./FreeRTOS/Source/tasks.o
 .bss.xNumOfOverflows
                0x00801f65        0x1 ./FreeRTOS/Source/tasks.o
 .bss.uxPendedTicks
                0x00801f66        0x1 ./FreeRTOS/Source/tasks.o
 .bss.uxCurrentNumberOfTasks
                0x00801f67        0x1 ./FreeRTOS/Source/tasks.o
 .bss.xSchedulerRunning
                0x00801f68        0x1 ./FreeRTOS/Source/tasks.o
 .bss.xIdleTaskHandle
                0x00801f69        0x2 ./FreeRTOS/Source/tasks.o
 .bss.uxDeletedTasksWaitingCleanUp
                0x00801f6b        0x1 ./FreeRTOS/Source/tasks.o
 .bss.uxTaskNumber
                0x00801f6c        0x1 ./FreeRTOS/Source/tasks.o
 .bss.pxReadyTasksLists
                0x00801f6d       0x24 ./FreeRTOS/Source/tasks.o
 .bss.xDelayedTaskList1
                0x00801f91        0x9 ./FreeRTOS/Source/tasks.o
 .bss.xDelayedTaskList2
                0x00801f9a        0x9 ./FreeRTOS/Source/tasks.o
 .bss.pxDelayedTaskList
                0x00801fa3        0x2 ./FreeRTOS/Source/tasks.o
 .bss.pxOverflowDelayedTaskList
                0x00801fa5        0x2 ./FreeRTOS/Source/tasks.o
 .bss.xPendingReadyList
                0x00801fa7        0x9 ./FreeRTOS/Source/tasks.o
 .bss.xTasksWaitingTermination
                0x00801fb0        0x9 ./FreeRTOS/Source/tasks.o
 *(COMMON)
                0x00801fb9                PROVIDE (__bss_end, .)
                0x00000c02                __data_load_start = LOADADDR (.data)
                0x00000c0e                __data_load_end = (__data_load_start + SIZEOF (.data))

.noinit         0x00801fb9        0x0
                0x00801fb9                PROVIDE (__noinit_start, .)
 *(.noinit*)
                0x00801fb9                PROVIDE (__noinit_end, .)
                0x00801fb9                _end = .
                0x00801fb9                PROVIDE (__heap_start, .)

.eeprom         0x00810000        0x0
 *(.eeprom*)
                0x00810000                __eeprom_end = .

.fuse
 *(.fuse)
 *(.lfuse)
 *(.hfuse)
 *(.efuse)

.lock
 *(.lock*)

.signature
 *(.signature*)

.stab           0x00000000     0x2400
 *(.stab)
 .stab          0x00000000      0x678 ./ParTest/ParTest.o
                                0x75c (size before relaxing)
 .stab          0x00000678      0x5dc ./FreeRTOS/Source/portable/WinAVR/ATmega2560/port.o
                                0x9f0 (size before relaxing)
 .stab          0x00000c54      0x294 ./FreeRTOS/Source/portable/MemMang/heap_1.o
                                0x780 (size before relaxing)
 .stab          0x00000ee8      0x468 ./FreeRTOS/Source/list.o
                                0x828 (size before relaxing)
 .stab          0x00001350      0x228 ./FreeRTOS/Source/queue.o
                               0x19a4 (size before relaxing)
 .stab          0x00001578      0xc78 ./FreeRTOS/Source/tasks.o
                               0x1f44 (size before relaxing)
 .stab          0x000021f0      0x210 ./main.o
                                0x69c (size before relaxing)

.stabstr        0x00000000     0x2ffe
 *(.stabstr)
 .stabstr       0x00000000     0x2ffe ./ParTest/ParTest.o

.stab.excl
 *(.stab.excl)

.stab.exclstr
 *(.stab.exclstr)

.stab.index
 *(.stab.index)

.stab.indexstr
 *(.stab.indexstr)

.comment
 *(.comment)

.debug
 *(.debug)

.line
 *(.line)

.debug_srcinfo
 *(.debug_srcinfo)

.debug_sfnames
 *(.debug_sfnames)

.debug_aranges
 *(.debug_aranges)

.debug_pubnames
 *(.debug_pubnames)

.debug_info
 *(.debug_info)
 *(.gnu.linkonce.wi.*)

.debug_abbrev
 *(.debug_abbrev)

.debug_line
 *(.debug_line)

.debug_frame
 *(.debug_frame)

.debug_str
 *(.debug_str)

.debug_loc
 *(.debug_loc)

.debug_macinfo
 *(.debug_macinfo)
OUTPUT(FreeRTOS_ArduinoMEGA-Blink.elf elf32-avr)
LOAD linker stubs

Cross Reference Table

Symbol                                            File
__bad_interrupt                                   c:/winavr-20100110/bin/../lib/gcc/avr/4.3.3/../../../../avr/lib/avr6/crtm2560.o
__bss_end                                         c:/winavr-20100110/bin/../lib/gcc/avr/4.3.3/avr6\libgcc.a(_clear_bss.o)
__bss_start                                       c:/winavr-20100110/bin/../lib/gcc/avr/4.3.3/avr6\libgcc.a(_clear_bss.o)
__data_end                                        c:/winavr-20100110/bin/../lib/gcc/avr/4.3.3/../../../../avr/lib/avr6/crtm2560.o
__data_load_start                                 c:/winavr-20100110/bin/../lib/gcc/avr/4.3.3/../../../../avr/lib/avr6/crtm2560.o
__data_start                                      c:/winavr-20100110/bin/../lib/gcc/avr/4.3.3/../../../../avr/lib/avr6/crtm2560.o
__do_clear_bss                                    c:/winavr-20100110/bin/../lib/gcc/avr/4.3.3/avr6\libgcc.a(_clear_bss.o)
                                                  ./FreeRTOS/Source/tasks.o
                                                  ./FreeRTOS/Source/portable/MemMang/heap_1.o
__do_copy_data                                    c:/winavr-20100110/bin/../lib/gcc/avr/4.3.3/../../../../avr/lib/avr6/crtm2560.o
                                                  ./main.o
                                                  ./FreeRTOS/Source/tasks.o
                                                  ./ParTest/ParTest.o
__heap_end                                        c:/winavr-20100110/bin/../lib/gcc/avr/4.3.3/../../../../avr/lib/avr6/crtm2560.o
__init                                            c:/winavr-20100110/bin/../lib/gcc/avr/4.3.3/../../../../avr/lib/avr6/crtm2560.o
__stack                                           c:/winavr-20100110/bin/../lib/gcc/avr/4.3.3/../../../../avr/lib/avr6/crtm2560.o
__vector_1                                        c:/winavr-20100110/bin/../lib/gcc/avr/4.3.3/../../../../avr/lib/avr6/crtm2560.o
__vector_10                                       c:/winavr-20100110/bin/../lib/gcc/avr/4.3.3/../../../../avr/lib/avr6/crtm2560.o
__vector_11                                       c:/winavr-20100110/bin/../lib/gcc/avr/4.3.3/../../../../avr/lib/avr6/crtm2560.o
__vector_12                                       c:/winavr-20100110/bin/../lib/gcc/avr/4.3.3/../../../../avr/lib/avr6/crtm2560.o
__vector_13                                       c:/winavr-20100110/bin/../lib/gcc/avr/4.3.3/../../../../avr/lib/avr6/crtm2560.o
__vector_14                                       c:/winavr-20100110/bin/../lib/gcc/avr/4.3.3/../../../../avr/lib/avr6/crtm2560.o
__vector_15                                       c:/winavr-20100110/bin/../lib/gcc/avr/4.3.3/../../../../avr/lib/avr6/crtm2560.o
__vector_16                                       c:/winavr-20100110/bin/../lib/gcc/avr/4.3.3/../../../../avr/lib/avr6/crtm2560.o
__vector_17                                       ./FreeRTOS/Source/portable/WinAVR/ATmega2560/port.o
                                                  c:/winavr-20100110/bin/../lib/gcc/avr/4.3.3/../../../../avr/lib/avr6/crtm2560.o
__vector_18                                       c:/winavr-20100110/bin/../lib/gcc/avr/4.3.3/../../../../avr/lib/avr6/crtm2560.o
__vector_19                                       c:/winavr-20100110/bin/../lib/gcc/avr/4.3.3/../../../../avr/lib/avr6/crtm2560.o
__vector_2                                        c:/winavr-20100110/bin/../lib/gcc/avr/4.3.3/../../../../avr/lib/avr6/crtm2560.o
__vector_20                                       c:/winavr-20100110/bin/../lib/gcc/avr/4.3.3/../../../../avr/lib/avr6/crtm2560.o
__vector_21                                       c:/winavr-20100110/bin/../lib/gcc/avr/4.3.3/../../../../avr/lib/avr6/crtm2560.o
__vector_22                                       c:/winavr-20100110/bin/../lib/gcc/avr/4.3.3/../../../../avr/lib/avr6/crtm2560.o
__vector_23                                       c:/winavr-20100110/bin/../lib/gcc/avr/4.3.3/../../../../avr/lib/avr6/crtm2560.o
__vector_24                                       c:/winavr-20100110/bin/../lib/gcc/avr/4.3.3/../../../../avr/lib/avr6/crtm2560.o
__vector_25                                       c:/winavr-20100110/bin/../lib/gcc/avr/4.3.3/../../../../avr/lib/avr6/crtm2560.o
__vector_26                                       c:/winavr-20100110/bin/../lib/gcc/avr/4.3.3/../../../../avr/lib/avr6/crtm2560.o
__vector_27                                       c:/winavr-20100110/bin/../lib/gcc/avr/4.3.3/../../../../avr/lib/avr6/crtm2560.o
__vector_28                                       c:/winavr-20100110/bin/../lib/gcc/avr/4.3.3/../../../../avr/lib/avr6/crtm2560.o
__vector_29                                       c:/winavr-20100110/bin/../lib/gcc/avr/4.3.3/../../../../avr/lib/avr6/crtm2560.o
__vector_3                                        c:/winavr-20100110/bin/../lib/gcc/avr/4.3.3/../../../../avr/lib/avr6/crtm2560.o
__vector_30                                       c:/winavr-20100110/bin/../lib/gcc/avr/4.3.3/../../../../avr/lib/avr6/crtm2560.o
__vector_31                                       c:/winavr-20100110/bin/../lib/gcc/avr/4.3.3/../../../../avr/lib/avr6/crtm2560.o
__vector_32                                       c:/winavr-20100110/bin/../lib/gcc/avr/4.3.3/../../../../avr/lib/avr6/crtm2560.o
__vector_33                                       c:/winavr-20100110/bin/../lib/gcc/avr/4.3.3/../../../../avr/lib/avr6/crtm2560.o
__vector_34                                       c:/winavr-20100110/bin/../lib/gcc/avr/4.3.3/../../../../avr/lib/avr6/crtm2560.o
__vector_35                                       c:/winavr-20100110/bin/../lib/gcc/avr/4.3.3/../../../../avr/lib/avr6/crtm2560.o
__vector_36                                       c:/winavr-20100110/bin/../lib/gcc/avr/4.3.3/../../../../avr/lib/avr6/crtm2560.o
__vector_37                                       c:/winavr-20100110/bin/../lib/gcc/avr/4.3.3/../../../../avr/lib/avr6/crtm2560.o
__vector_38                                       c:/winavr-20100110/bin/../lib/gcc/avr/4.3.3/../../../../avr/lib/avr6/crtm2560.o
__vector_39                                       c:/winavr-20100110/bin/../lib/gcc/avr/4.3.3/../../../../avr/lib/avr6/crtm2560.o
__vector_4                                        c:/winavr-20100110/bin/../lib/gcc/avr/4.3.3/../../../../avr/lib/avr6/crtm2560.o
__vector_40                                       c:/winavr-20100110/bin/../lib/gcc/avr/4.3.3/../../../../avr/lib/avr6/crtm2560.o
__vector_41                                       c:/winavr-20100110/bin/../lib/gcc/avr/4.3.3/../../../../avr/lib/avr6/crtm2560.o
__vector_42                                       c:/winavr-20100110/bin/../lib/gcc/avr/4.3.3/../../../../avr/lib/avr6/crtm2560.o
__vector_43                                       c:/winavr-20100110/bin/../lib/gcc/avr/4.3.3/../../../../avr/lib/avr6/crtm2560.o
__vector_44                                       c:/winavr-20100110/bin/../lib/gcc/avr/4.3.3/../../../../avr/lib/avr6/crtm2560.o
__vector_45                                       c:/winavr-20100110/bin/../lib/gcc/avr/4.3.3/../../../../avr/lib/avr6/crtm2560.o
__vector_46                                       c:/winavr-20100110/bin/../lib/gcc/avr/4.3.3/../../../../avr/lib/avr6/crtm2560.o
__vector_47                                       c:/winavr-20100110/bin/../lib/gcc/avr/4.3.3/../../../../avr/lib/avr6/crtm2560.o
__vector_48                                       c:/winavr-20100110/bin/../lib/gcc/avr/4.3.3/../../../../avr/lib/avr6/crtm2560.o
__vector_49                                       c:/winavr-20100110/bin/../lib/gcc/avr/4.3.3/../../../../avr/lib/avr6/crtm2560.o
__vector_5                                        c:/winavr-20100110/bin/../lib/gcc/avr/4.3.3/../../../../avr/lib/avr6/crtm2560.o
__vector_50                                       c:/winavr-20100110/bin/../lib/gcc/avr/4.3.3/../../../../avr/lib/avr6/crtm2560.o
__vector_51                                       c:/winavr-20100110/bin/../lib/gcc/avr/4.3.3/../../../../avr/lib/avr6/crtm2560.o
__vector_52                                       c:/winavr-20100110/bin/../lib/gcc/avr/4.3.3/../../../../avr/lib/avr6/crtm2560.o
__vector_53                                       c:/winavr-20100110/bin/../lib/gcc/avr/4.3.3/../../../../avr/lib/avr6/crtm2560.o
__vector_54                                       c:/winavr-20100110/bin/../lib/gcc/avr/4.3.3/../../../../avr/lib/avr6/crtm2560.o
__vector_55                                       c:/winavr-20100110/bin/../lib/gcc/avr/4.3.3/../../../../avr/lib/avr6/crtm2560.o
__vector_56                                       c:/winavr-20100110/bin/../lib/gcc/avr/4.3.3/../../../../avr/lib/avr6/crtm2560.o
__vector_6                                        c:/winavr-20100110/bin/../lib/gcc/avr/4.3.3/../../../../avr/lib/avr6/crtm2560.o
__vector_7                                        c:/winavr-20100110/bin/../lib/gcc/avr/4.3.3/../../../../avr/lib/avr6/crtm2560.o
__vector_8                                        c:/winavr-20100110/bin/../lib/gcc/avr/4.3.3/../../../../avr/lib/avr6/crtm2560.o
__vector_9                                        c:/winavr-20100110/bin/../lib/gcc/avr/4.3.3/../../../../avr/lib/avr6/crtm2560.o
__vector_default                                  c:/winavr-20100110/bin/../lib/gcc/avr/4.3.3/../../../../avr/lib/avr6/crtm2560.o
__vectors                                         c:/winavr-20100110/bin/../lib/gcc/avr/4.3.3/../../../../avr/lib/avr6/crtm2560.o
_exit                                             c:/winavr-20100110/bin/../lib/gcc/avr/4.3.3/avr6\libgcc.a(_exit.o)
exit                                              c:/winavr-20100110/bin/../lib/gcc/avr/4.3.3/avr6\libgcc.a(_exit.o)
                                                  c:/winavr-20100110/bin/../lib/gcc/avr/4.3.3/../../../../avr/lib/avr6/crtm2560.o
main                                              ./main.o
                                                  c:/winavr-20100110/bin/../lib/gcc/avr/4.3.3/../../../../avr/lib/avr6/crtm2560.o
memcpy                                            c:/winavr-20100110/bin/../lib/gcc/avr/4.3.3/../../../../avr/lib/avr6\libc.a(memcpy.o)
                                                  ./FreeRTOS/Source/queue.o
pcTaskGetName                                     ./FreeRTOS/Source/tasks.o
pvPortMalloc                                      ./FreeRTOS/Source/portable/MemMang/heap_1.o
                                                  ./FreeRTOS/Source/tasks.o
                                                  ./FreeRTOS/Source/queue.o
pxCurrentTCB                                      ./FreeRTOS/Source/tasks.o
                                                  ./FreeRTOS/Source/portable/WinAVR/ATmega2560/port.o
pxPortInitialiseStack                             ./FreeRTOS/Source/portable/WinAVR/ATmega2560/port.o
                                                  ./FreeRTOS/Source/tasks.o
ulTaskNotifyTake                                  ./FreeRTOS/Source/tasks.o
uxListRemove                                      ./FreeRTOS/Source/list.o
                                                  ./FreeRTOS/Source/tasks.o
uxQueueMessagesWaiting                            ./FreeRTOS/Source/queue.o
uxQueueMessagesWaitingFromISR                     ./FreeRTOS/Source/queue.o
uxQueueSpacesAvailable                            ./FreeRTOS/Source/queue.o
uxTaskGetNumberOfTasks                            ./FreeRTOS/Source/tasks.o
uxTaskResetEventItemValue                         ./FreeRTOS/Source/tasks.o
vCoRoutineAddToDelayedList                        ./FreeRTOS/Source/queue.o
vListInitialise                                   ./FreeRTOS/Source/list.o
                                                  ./FreeRTOS/Source/tasks.o
                                                  ./FreeRTOS/Source/queue.o
vListInitialiseItem                               ./FreeRTOS/Source/list.o
                                                  ./FreeRTOS/Source/tasks.o
vListInsert                                       ./FreeRTOS/Source/list.o
                                                  ./FreeRTOS/Source/tasks.o
vListInsertEnd                                    ./FreeRTOS/Source/list.o
                                                  ./FreeRTOS/Source/tasks.o
vParTestInitialise                                ./ParTest/ParTest.o
                                                  ./main.o
vParTestSetLED                                    ./ParTest/ParTest.o
vParTestToggleLED                                 ./ParTest/ParTest.o
                                                  ./main.o
vPortEndScheduler                                 ./FreeRTOS/Source/portable/WinAVR/ATmega2560/port.o
                                                  ./FreeRTOS/Source/tasks.o
vPortFree                                         ./FreeRTOS/Source/portable/MemMang/heap_1.o
                                                  ./FreeRTOS/Source/tasks.o
                                                  ./FreeRTOS/Source/queue.o
vPortInitialiseBlocks                             ./FreeRTOS/Source/portable/MemMang/heap_1.o
vPortYield                                        ./FreeRTOS/Source/portable/WinAVR/ATmega2560/port.o
                                                  ./FreeRTOS/Source/tasks.o
                                                  ./FreeRTOS/Source/queue.o
vPortYieldFromTick                                ./FreeRTOS/Source/portable/WinAVR/ATmega2560/port.o
vQueueDelete                                      ./FreeRTOS/Source/queue.o
vTaskDelay                                        ./FreeRTOS/Source/tasks.o
                                                  ./main.o
vTaskDelayUntil                                   ./FreeRTOS/Source/tasks.o
vTaskDelete                                       ./FreeRTOS/Source/tasks.o
vTaskEndScheduler                                 ./FreeRTOS/Source/tasks.o
vTaskMissedYield                                  ./FreeRTOS/Source/tasks.o
                                                  ./FreeRTOS/Source/queue.o
vTaskNotifyGiveFromISR                            ./FreeRTOS/Source/tasks.o
vTaskPlaceOnEventList                             ./FreeRTOS/Source/tasks.o
                                                  ./FreeRTOS/Source/queue.o
vTaskPlaceOnUnorderedEventList                    ./FreeRTOS/Source/tasks.o
vTaskSetTimeOutState                              ./FreeRTOS/Source/tasks.o
                                                  ./FreeRTOS/Source/queue.o
vTaskStartScheduler                               ./FreeRTOS/Source/tasks.o
                                                  ./main.o
vTaskSuspendAll                                   ./FreeRTOS/Source/tasks.o
                                                  ./FreeRTOS/Source/queue.o
                                                  ./FreeRTOS/Source/portable/MemMang/heap_1.o
                                                  ./ParTest/ParTest.o
vTaskSwitchContext                                ./FreeRTOS/Source/tasks.o
                                                  ./FreeRTOS/Source/portable/WinAVR/ATmega2560/port.o
xCoRoutineRemoveFromEventList                     ./FreeRTOS/Source/queue.o
xPortGetFreeHeapSize                              ./FreeRTOS/Source/portable/MemMang/heap_1.o
xPortStartScheduler                               ./FreeRTOS/Source/portable/WinAVR/ATmega2560/port.o
                                                  ./FreeRTOS/Source/tasks.o
xQueueCRReceive                                   ./FreeRTOS/Source/queue.o
xQueueCRReceiveFromISR                            ./FreeRTOS/Source/queue.o
xQueueCRSend                                      ./FreeRTOS/Source/queue.o
xQueueCRSendFromISR                               ./FreeRTOS/Source/queue.o
xQueueGenericCreate                               ./FreeRTOS/Source/queue.o
xQueueGenericReceive                              ./FreeRTOS/Source/queue.o
xQueueGenericReset                                ./FreeRTOS/Source/queue.o
xQueueGenericSend                                 ./FreeRTOS/Source/queue.o
xQueueGenericSendFromISR                          ./FreeRTOS/Source/queue.o
xQueueGiveFromISR                                 ./FreeRTOS/Source/queue.o
xQueueIsQueueEmptyFromISR                         ./FreeRTOS/Source/queue.o
xQueueIsQueueFullFromISR                          ./FreeRTOS/Source/queue.o
xQueuePeekFromISR                                 ./FreeRTOS/Source/queue.o
xQueueReceiveFromISR                              ./FreeRTOS/Source/queue.o
xTaskCheckForTimeOut                              ./FreeRTOS/Source/tasks.o
                                                  ./FreeRTOS/Source/queue.o
xTaskCreate                                       ./FreeRTOS/Source/tasks.o
                                                  ./main.o
xTaskGenericNotify                                ./FreeRTOS/Source/tasks.o
xTaskGenericNotifyFromISR                         ./FreeRTOS/Source/tasks.o
xTaskGetTickCount                                 ./FreeRTOS/Source/tasks.o
xTaskGetTickCountFromISR                          ./FreeRTOS/Source/tasks.o
xTaskIncrementTick                                ./FreeRTOS/Source/tasks.o
                                                  ./FreeRTOS/Source/portable/WinAVR/ATmega2560/port.o
xTaskNotifyStateClear                             ./FreeRTOS/Source/tasks.o
xTaskNotifyWait                                   ./FreeRTOS/Source/tasks.o
xTaskRemoveFromEventList                          ./FreeRTOS/Source/tasks.o
                                                  ./FreeRTOS/Source/queue.o
xTaskRemoveFromUnorderedEventList                 ./FreeRTOS/Source/tasks.o
xTaskResumeAll                                    ./FreeRTOS/Source/tasks.o
                                                  ./FreeRTOS/Source/queue.o
                                                  ./FreeRTOS/Source/portable/MemMang/heap_1.o
                                                  ./ParTest/ParTest.o
